error: void elements must use `;`, not `/`
 --> $DIR/void-element-slash.rs:5:12
  |
5 |         br /
  |            ^
  |
  = help: change this to `;`
  = help: see https://github.com/lambda-fairy/maud/pull/315 for details

error: void elements must use `;`, not `/`
 --> $DIR/void-element-slash.rs:7:27
  |
7 |         input type="text" /
  |                           ^
  |
  = help: change this to `;`
  = help: see https://github.com/lambda-fairy/maud/pull/315 for details
